// Jest Snapshot v1, https://goo.gl/fbAQLP

exports[`Cards/CardList Default smoke-test 1`] = `
<div style="max-width: 500px;">
  <div class="sc-gsFSXq fXuxsj">
    <h3 color="primary"
        class="sc-eqUAAy iGQydL"
        style="margin-bottom: 0px;"
    >
      Related articles
    </h3>
    <div class="sc-cwHptR cdMBkf">
      <div class="sc-jlZhew goyomS">
        <div style="background: url(&quot;https://dummyimage.com/600x600/dedede/aaa.png&quot;) center center / cover; width: 100%; height: 100%;">
        </div>
      </div>
      <span class="sc-kpDqfm jwRnRk sc-jEACwC imRdxw">
        January 10, 2023, Location
      </span>
      <h4 color="primary"
          class="sc-fqkvVR jrPBiJ sc-cPiKLX lmzwWc"
      >
        Pellentesque auctor neque nec urna
      </h4>
      <div class="sc-dLMFU dmiFYu">
        <button type="button"
                class="sc-dhKdcB kQSPyf"
        >
          Read more
          <span class="sc-kAyceB gwsBvu sc-jXbUNg jRwTFY">
            <svg viewbox="0 0 50 50"
                 xmlns="http://www.w3.org/2000/svg"
                 xmlns:xlink="http://www.w3.org/1999/xlink"
            >
              <defs>
                <path d="M0 0h25.722v48H0z">
                </path>
              </defs>
              <g transform="translate(12 1)"
                 fill="none"
                 fill-rule="evenodd"
              >
                <path d="M1.768 48c-.26 0-.521-.043-.752-.16-1.134-.578-1.323-1.964-.543-2.807l21.408-20.659L.471 2.965A1.758 1.758 0 0 1 .522.518 1.756 1.756 0 0 1 1.77 0c.446 0 .872.167 1.2.47l22.21 22.56c.729.74.72 1.93-.02 2.657L2.97 47.53c-.324.302-.752.47-1.2.47h-.002Z"
                      fill="currentColor"
                >
                </path>
              </g>
            </svg>
          </span>
        </button>
      </div>
    </div>
    <div class="sc-cwHptR cdMBkf">
      <div class="sc-jlZhew goyomS">
        <div style="background: url(&quot;https://dummyimage.com/600x600/dedede/aaa.png&quot;) center center / cover; width: 100%; height: 100%;">
        </div>
      </div>
      <span class="sc-kpDqfm jwRnRk sc-jEACwC imRdxw">
        January 10, 2023, Location
      </span>
      <h4 color="primary"
          class="sc-fqkvVR jrPBiJ sc-cPiKLX lmzwWc"
      >
        Duis leo. Donec mollis hendrerit risus
      </h4>
      <div class="sc-dLMFU dmiFYu">
        <button type="button"
                class="sc-dhKdcB kQSPyf"
        >
          Read more
          <span class="sc-kAyceB gwsBvu sc-jXbUNg jRwTFY">
            <svg viewbox="0 0 50 50"
                 xmlns="http://www.w3.org/2000/svg"
                 xmlns:xlink="http://www.w3.org/1999/xlink"
            >
              <defs>
                <path d="M0 0h25.722v48H0z">
                </path>
              </defs>
              <g transform="translate(12 1)"
                 fill="none"
                 fill-rule="evenodd"
              >
                <path d="M1.768 48c-.26 0-.521-.043-.752-.16-1.134-.578-1.323-1.964-.543-2.807l21.408-20.659L.471 2.965A1.758 1.758 0 0 1 .522.518 1.756 1.756 0 0 1 1.77 0c.446 0 .872.167 1.2.47l22.21 22.56c.729.74.72 1.93-.02 2.657L2.97 47.53c-.324.302-.752.47-1.2.47h-.002Z"
                      fill="currentColor"
                >
                </path>
              </g>
            </svg>
          </span>
        </button>
      </div>
    </div>
    <div class="sc-cwHptR cdMBkf">
      <div class="sc-jlZhew goyomS">
        <div style="background: url(&quot;https://dummyimage.com/600x600/dedede/aaa.png&quot;) center center / cover; width: 100%; height: 100%;">
        </div>
      </div>
      <span class="sc-kpDqfm jwRnRk sc-jEACwC imRdxw">
        January 10, 2023, Location
      </span>
      <h4 color="primary"
          class="sc-fqkvVR jrPBiJ sc-cPiKLX lmzwWc"
      >
        <a href="/"
           style="color: inherit;"
        >
          Morbi ac felis. Aliquam eu nunc. Vivamus consectetuer hendrerit lacus
        </a>
      </h4>
      <div class="sc-dLMFU dmiFYu">
        <button type="button"
                class="sc-dhKdcB kQSPyf"
        >
          Read more
          <span class="sc-kAyceB gwsBvu sc-jXbUNg jRwTFY">
            <svg viewbox="0 0 50 50"
                 xmlns="http://www.w3.org/2000/svg"
                 xmlns:xlink="http://www.w3.org/1999/xlink"
            >
              <defs>
                <path d="M0 0h25.722v48H0z">
                </path>
              </defs>
              <g transform="translate(12 1)"
                 fill="none"
                 fill-rule="evenodd"
              >
                <path d="M1.768 48c-.26 0-.521-.043-.752-.16-1.134-.578-1.323-1.964-.543-2.807l21.408-20.659L.471 2.965A1.758 1.758 0 0 1 .522.518 1.756 1.756 0 0 1 1.77 0c.446 0 .872.167 1.2.47l22.21 22.56c.729.74.72 1.93-.02 2.657L2.97 47.53c-.324.302-.752.47-1.2.47h-.002Z"
                      fill="currentColor"
                >
                </path>
              </g>
            </svg>
          </span>
        </button>
      </div>
    </div>
  </div>
</div>
`;
